// Jest Snapshot v1, https://goo.gl/fbAQLP

exports[`<MetaTwitter /> should render 1`] = `
[
  <meta
    content="summary"
    name="twitter:card"
  />,
  <meta
    content="Hosting a static website on Amazon S3"
    name="twitter:title"
  />,
  <meta
    content="Hosting a simple static website on Amazon Web Services (AWS) can be daunting at first, but luckily itâ€™s quite straightforward. One option..."
    name="twitter:description"
  />,
  <meta
    content="https://www.brokenrobot.xyz/blog/hosting-a-static-website-on-amazon-s3/"
    name="twitter:url"
  />,
]
`;
