// Jest Snapshot v1, https://goo.gl/fbAQLP

exports[`<SeoBlogPosting /> should render 1`] = `
[
  <html
    lang="en"
  />,
  <title>
    Hosting a static website on Amazon S3
  </title>,
  <meta
    content="public, max-age=0, must-revalidate"
    httpEquiv="cache-control"
  />,
  <meta
    content="Hosting a simple static website on Amazon Web Services (AWS) can be daunting at first, but luckily it’s quite straightforward. One option..."
    name="description"
  />,
  <meta
    content="aws, s3, route53, staticwebsite, hosting"
    name="keywords"
  />,
  <meta
    content="article"
    property="og:type"
  />,
  <meta
    content="en_US"
    property="og:locale"
  />,
  <meta
    content="Broken Robot"
    property="og:site_name"
  />,
  <meta
    content="Hosting a static website on Amazon S3"
    property="og:title"
  />,
  <meta
    content="Hosting a simple static website on Amazon Web Services (AWS) can be daunting at first, but luckily it’s quite straightforward. One option..."
    property="og:description"
  />,
  <meta
    content="https://www.brokenrobot.xyz/blog/hosting-a-static-website-on-amazon-s3/"
    property="og:url"
  />,
  <meta
    content="2023-05-04T17:58:32.000Z"
    property="og:article:published_time"
  />,
  <meta
    content="aws"
    property="og:article:tag"
  />,
  <meta
    content="s3"
    property="og:article:tag"
  />,
  <meta
    content="route53"
    property="og:article:tag"
  />,
  <meta
    content="staticwebsite"
    property="og:article:tag"
  />,
  <meta
    content="hosting"
    property="og:article:tag"
  />,
  <meta
    content="Tamas Mezei"
    property="og:article:author"
  />,
  <script
    type="application/ld+json"
  >
    {"@context":"https://schema.org","@type":"BlogPosting","@id":"https://www.brokenrobot.xyz/blog/hosting-a-static-website-on-amazon-s3/#BlogPosting","headline":"Hosting a static website on Amazon S3","name":"Hosting a static website on Amazon S3","description":"Hosting a simple static website on Amazon Web Services (AWS) can be daunting at first, but luckily it’s quite straightforward. One option...","datePublished":"2023-05-04T17:58:32.000Z","dateModified":"2023-05-04T17:58:32.000Z","url":"https://www.brokenrobot.xyz/blog/hosting-a-static-website-on-amazon-s3/","inLanguage":"en-US","author":[{"@type":"Person","@id":"https://www.brokenrobot.xyz/about-me/#Person","name":"Tamas Mezei","url":"https://www.brokenrobot.xyz/about-me/","sameAs":["https://github.com/mezeitamas","https://www.linkedin.com/in/mezeitamas/"]}],"publisher":{"@type":"Organization","@id":"https://www.brokenrobot.xyz/#Organization","name":"Broken Robot","url":"https://www.brokenrobot.xyz"},"isPartOf":{"@type":"WebSite","@id":"https://www.brokenrobot.xyz/#WebSite","name":"Broken Robot","url":"https://www.brokenrobot.xyz","inLanguage":"en-US","author":[{"@type":"Person","@id":"https://www.brokenrobot.xyz/about-me/#Person","name":"Tamas Mezei","url":"https://www.brokenrobot.xyz/about-me/","sameAs":["https://github.com/mezeitamas","https://www.linkedin.com/in/mezeitamas/"]}],"publisher":{"@type":"Organization","@id":"https://www.brokenrobot.xyz/#Organization","name":"Broken Robot","url":"https://www.brokenrobot.xyz"}}}
  </script>,
  <meta
    content="summary"
    name="twitter:card"
  />,
  <meta
    content="Hosting a static website on Amazon S3"
    name="twitter:title"
  />,
  <meta
    content="Hosting a simple static website on Amazon Web Services (AWS) can be daunting at first, but luckily it’s quite straightforward. One option..."
    name="twitter:description"
  />,
  <meta
    content="https://www.brokenrobot.xyz/blog/hosting-a-static-website-on-amazon-s3/"
    name="twitter:url"
  />,
]
`;
