// Jest Snapshot v1, https://goo.gl/fbAQLP

exports[`<RichResultsArticle /> should render 1`] = `
<script
  type="application/ld+json"
>
  
                {
                    "@context": "https://schema.org",
                    "@type": "BlogPosting",
                    "@id": "https://www.brokenrobot.xyz/blog/hosting-a-static-website-on-amazon-s3/#BlogPosting",
                    "headline": "Hosting a static website on Amazon S3",
                    "name": "Hosting a static website on Amazon S3",
                    "datePublished": "2023-05-01T10:10:05.000Z",
                    "url": "https://www.brokenrobot.xyz/blog/hosting-a-static-website-on-amazon-s3/",
                    "author": [{
                        "@type": "Person",
                        "@id": "https://www.brokenrobot.xyz/about-me/#Person",
                        "name": "Tamas Mezei",
                        "url": "https://www.brokenrobot.xyz/about-me/"
                    }],
                    "isPartOf": {
                        "@type" : "Blog",
                        "@id": "https://www.brokenrobot.xyz",
                        "name": "Broken Robot"
                    },
                    "keywords": []
                }
            
</script>
`;
