// Jest Snapshot v1, https://goo.gl/fbAQLP

exports[`<ExternalLink /> should render 1`] = `
<span
  className="inline-flex items-center gap-1 hover:underline"
>
  <a
    href="https://www.brokenrobot.xyz"
    target="_blank"
  >
    Broken Robot
  </a>
  <svg
    fill="none"
    height="14"
    stroke="currentColor"
    strokeLinecap="round"
    strokeLinejoin="round"
    strokeWidth="2"
    style={
      {
        "color": undefined,
      }
    }
    viewBox="0 0 24 24"
    width="14"
    xmlns="http://www.w3.org/2000/svg"
  >
    <path
      d="M18 13v6a2 2 0 0 1-2 2H5a2 2 0 0 1-2-2V8a2 2 0 0 1 2-2h6"
    />
    <polyline
      points="15 3 21 3 21 9"
    />
    <line
      x1="10"
      x2="21"
      y1="14"
      y2="3"
    />
  </svg>
</span>
`;
