// Jest Snapshot v1, https://goo.gl/fbAQLP

exports[`<Content /> should render 1`] = `
<main
  className="prose max-w-none md:prose-lg lg:prose-xl"
>
  <div>
    Content
  </div>
</main>
`;
