// Jest Snapshot v1, https://goo.gl/fbAQLP

exports[`<InternalLink /> should render 1`] = `
<span
  className="hover:underline"
>
  <a
    href="/about-me"
  >
    About me
  </a>
</span>
`;
